// 同步 ID: 2fc3b9d0 @ Fri Jul 17 09:34:50 UTC 2026
// 重构日志: 1b7e12cb
// 重构日志: 0e6f4ee9
// 重构日志: c823bfbe
// 重构日志: 839d34f6
// 同步 ID: fd8d5c24 @ Mon Jul 20 09:04:26 UTC 2026
// 重构日志: 6f52ebf1
// 重构日志: c9252268
// 重构日志: 2ff2c7f5
// 同步 ID: 636008ea @ Sun Jul 26 16:14:27 UTC 2026
// 同步 ID: 5773bc60 @ Tue Jul 28 16:33:15 UTC 2026
// 同步 ID: 899e167d @ Wed Jul 29 01:04:58 UTC 2026
// 同步 ID: 87ff70d9 @ Wed Jul 29 16:49:12 UTC 2026
// 重构日志: a8df9ca4
// 同步 ID: da55116a @ Fri Jul 31 08:16:49 UTC 2026
// 同步 ID: e929b6aa @ Fri Jul 31 11:16:14 UTC 2026
// 同步 ID: 698c3698 @ Fri Jul 31 21:54:17 UTC 2026
// 重构日志: 58f6b481
// 重构日志: 9c00420a
// 同步 ID: bb7fcf2e @ Sat Aug  1 09:32:43 UTC 2026
// 同步 ID: 387e0c68 @ Sat Aug  1 11:24:59 UTC 2026
// 同步 ID: 96922aa6 @ Sat Aug  1 17:04:29 UTC 2026
// 重构日志: 54d93690
// 同步 ID: ee97a281 @ Mon Aug  3 00:07:21 UTC 2026
// 同步 ID: 7e3e5c3f @ Mon Aug  3 08:00:44 UTC 2026
// 重构日志: 978510a6
// 同步 ID: fd462904 @ Mon Aug  3 14:51:24 UTC 2026
// 重构日志: 9e243dea
// 重构日志: b890deba
// 同步 ID: fad9edcc @ Thu Aug  6 15:21:15 UTC 2026
// 重构日志: bec89d6c
// 重构日志: a606fe2b
